// Jest Snapshot v1, https://goo.gl/fbAQLP

exports[`should generate snapshots 1`] = `
<div>
  <div>
    Hello world
  </div>
</div>
`;
